C:/Users/vital/Desktop/Vitaly/MFTI/Microcontrollers/HW3/Core/Src/main.c:66:6:DMA_TEST	8	static
C:/Users/vital/Desktop/Vitaly/MFTI/Microcontrollers/HW3/Core/Src/main.c:86:5:main	8	static
C:/Users/vital/Desktop/Vitaly/MFTI/Microcontrollers/HW3/Core/Src/main.c:136:6:SystemClock_Config	88	static
C:/Users/vital/Desktop/Vitaly/MFTI/Microcontrollers/HW3/Core/Src/main.c:178:13:MX_SPI1_Init	8	static
C:/Users/vital/Desktop/Vitaly/MFTI/Microcontrollers/HW3/Core/Src/main.c:216:13:MX_SPI3_Init	8	static
C:/Users/vital/Desktop/Vitaly/MFTI/Microcontrollers/HW3/Core/Src/main.c:251:13:MX_DMA_Init	16	static
C:/Users/vital/Desktop/Vitaly/MFTI/Microcontrollers/HW3/Core/Src/main.c:273:13:MX_GPIO_Init	16	static
C:/Users/vital/Desktop/Vitaly/MFTI/Microcontrollers/HW3/Core/Src/main.c:289:6:HAL_SPI_RxCpltCallback	16	static
C:/Users/vital/Desktop/Vitaly/MFTI/Microcontrollers/HW3/Core/Src/main.c:301:6:Error_Handler	4	static
