C:/Users/vital/Desktop/Vitaly/MFTI/Microcontrollers/HW3/Core/Src/main.c:72:5:main	8	static
C:/Users/vital/Desktop/Vitaly/MFTI/Microcontrollers/HW3/Core/Src/main.c:120:6:SystemClock_Config	88	static
C:/Users/vital/Desktop/Vitaly/MFTI/Microcontrollers/HW3/Core/Src/main.c:162:13:MX_SPI1_Init	8	static
C:/Users/vital/Desktop/Vitaly/MFTI/Microcontrollers/HW3/Core/Src/main.c:200:13:MX_SPI3_Init	8	static
C:/Users/vital/Desktop/Vitaly/MFTI/Microcontrollers/HW3/Core/Src/main.c:237:13:MX_GPIO_Init	16	static
C:/Users/vital/Desktop/Vitaly/MFTI/Microcontrollers/HW3/Core/Src/main.c:253:6:HAL_SPI_RxCpltCallback	16	static
C:/Users/vital/Desktop/Vitaly/MFTI/Microcontrollers/HW3/Core/Src/main.c:265:6:Error_Handler	4	static
