C:/Users/vital/Desktop/Vitaly/MFTI/Microcontrollers/HW4/Core/Src/main.c:70:5:main	8	static
C:/Users/vital/Desktop/Vitaly/MFTI/Microcontrollers/HW4/Core/Src/main.c:134:6:SystemClock_Config	88	static
C:/Users/vital/Desktop/Vitaly/MFTI/Microcontrollers/HW4/Core/Src/main.c:176:13:MX_USART2_UART_Init	8	static
C:/Users/vital/Desktop/Vitaly/MFTI/Microcontrollers/HW4/Core/Src/main.c:209:13:MX_GPIO_Init	40	static
C:/Users/vital/Desktop/Vitaly/MFTI/Microcontrollers/HW4/Core/Src/main.c:246:6:HAL_GPIO_EXTI_Callback	16	static
C:/Users/vital/Desktop/Vitaly/MFTI/Microcontrollers/HW4/Core/Src/main.c:252:6:HAL_UART_RxCpltCallback	16	static
C:/Users/vital/Desktop/Vitaly/MFTI/Microcontrollers/HW4/Core/Src/main.c:267:6:HAL_UART_TxCpltCallback	16	static
C:/Users/vital/Desktop/Vitaly/MFTI/Microcontrollers/HW4/Core/Src/main.c:279:6:Error_Handler	4	static
