C:/Users/vital/Desktop/Vitaly/MFTI/Microcontrollers/HW4/Core/Src/main.c:70:5:main	80	static
C:/Users/vital/Desktop/Vitaly/MFTI/Microcontrollers/HW4/Core/Src/main.c:137:6:SystemClock_Config	88	static
C:/Users/vital/Desktop/Vitaly/MFTI/Microcontrollers/HW4/Core/Src/main.c:179:13:MX_USART2_UART_Init	8	static
C:/Users/vital/Desktop/Vitaly/MFTI/Microcontrollers/HW4/Core/Src/main.c:212:13:MX_GPIO_Init	32	static
C:/Users/vital/Desktop/Vitaly/MFTI/Microcontrollers/HW4/Core/Src/main.c:238:6:HAL_GPIO_EXTI_Callback	16	static
C:/Users/vital/Desktop/Vitaly/MFTI/Microcontrollers/HW4/Core/Src/main.c:244:6:HAL_UART_RxCpltCallback	16	static
C:/Users/vital/Desktop/Vitaly/MFTI/Microcontrollers/HW4/Core/Src/main.c:250:6:HAL_UART_TxCpltCallback	16	static
C:/Users/vital/Desktop/Vitaly/MFTI/Microcontrollers/HW4/Core/Src/main.c:256:6:HAL_UART_ErrorCallback	24	static
C:/Users/vital/Desktop/Vitaly/MFTI/Microcontrollers/HW4/Core/Src/main.c:273:6:Error_Handler	4	static
